-------------------------------------------------------------------------------
OrCAD GerbTool(tm) Drill Export Report
C:\orcad\telos-latest\TELOS-TI-63.GTD - L10:thruhole - Mon Sep 27 16:14:33 2004
-------------------------------------------------------------------------------

File Format: Excellon 2, 2.4, Absolute, Imperial, Leading
Ignored Duplicate Drills: 0

-------------------------------------------------------------------------------
Distance Units: Inches
-------------------------------------------------------------------------------
      Tool      Size   Type   Count   Actual Distance   Effective Distance
         1   0.01000    PTH     188          17.92844             15.97500
         2   0.02360    PTH       4           0.46832              0.43720
         3   0.03400    PTH       2           0.51701              0.39800
         4   0.03420    PTH       8           0.93306              0.79160
         5   0.03700    PTH      16           1.57475              1.54400
         6   0.03800    PTH       2           0.60000              0.60000
         7   0.03900   NPTH       2           0.22203              0.15700
         8   0.03940    PTH       2           0.45946              0.44880
         9   0.04300   NPTH       2           0.17720              0.17720
        10   0.06200    PTH       1           0.00000              0.00000
        11   0.06690    PTH       4           0.60000              0.60000
        12   0.09000    PTH       2           1.05200              1.05200
        13   0.09000   NPTH       1           0.00000              0.00000
-------------------------------------------------------------------------------
Total:  13                      234          24.53228             22.18080
-------------------------------------------------------------------------------
